============================= test session starts =============================
platform win32 -- Python 3.12.10, pytest-9.0.3, pluggy-1.6.0 -- C:\Users\praji\AppData\Local\Programs\Python\Python312\python.exe
cachedir: .pytest_cache
rootdir: D:\Projects\Electra\backend
configfile: pyproject.toml
plugins: anyio-4.13.0, asyncio-1.3.0, cov-7.1.0
asyncio: mode=Mode.AUTO, debug=False, asyncio_default_fixture_loop_scope=None, asyncio_default_test_loop_scope=function
collecting ... collected 52 items

tests/test_app_services.py::test_cache_service_get_set_and_expiry PASSED [  1%]
tests/test_app_services.py::test_rate_limiter_blocks_after_window_capacity PASSED [  3%]
tests/test_app_services.py::test_oracle_service_mock_response_and_cache_hit PASSED [  5%]
tests/test_app_services.py::test_oracle_service_model_response_is_validated PASSED [  7%]
tests/test_app_services.py::test_oracle_service_configures_gemini_when_api_key_exists PASSED [  9%]
tests/test_app_services.py::test_query_oracle_translates_service_errors PASSED [ 11%]
tests/test_app_services.py::test_query_oracle_translates_validation_errors PASSED [ 13%]
tests/test_app_services.py::test_verify_rate_limit_rejects_blocked_client PASSED [ 15%]
tests/test_app_services.py::test_civic_score_model_validation PASSED     [ 17%]
tests/test_app_services.py::test_api_v1_oracle_dependency_override_success PASSED [ 19%]
tests/test_auth.py::test_protected_civic_score_rejects_unauthenticated_requests PASSED [ 21%]
tests/test_auth.py::test_protected_civic_score_accepts_valid_firebase_token PASSED [ 23%]
tests/test_auth.py::test_expired_token_returns_helpful_401 PASSED        [ 25%]
tests/test_civic_score.py::test_civic_score_event_increments_and_unlocks_badge PASSED [ 26%]
tests/test_civic_score.py::test_civic_score_get_returns_badges PASSED    [ 28%]
tests/test_civic_score.py::test_civic_score_custom_points_and_unknown_event PASSED [ 30%]
tests/test_civic_score.py::test_civic_score_loads_and_saves_firestore_snapshot PASSED [ 32%]
tests/test_civic_score.py::test_civic_score_firestore_failures_fall_back_to_memory PASSED [ 34%]
tests/test_civic_score.py::test_civic_score_handles_invalid_numeric_values_and_missing_snapshot PASSED [ 36%]
tests/test_health.py::test_health_returns_status_and_version PASSED      [ 38%]
tests/test_health.py::test_app_lifespan_runs_startup_and_shutdown PASSED [ 40%]
tests/test_health.py::test_health_firebase_endpoint_returns_connectivity_status PASSED [ 42%]
tests/test_health.py::test_health_gemini_endpoint_returns_observability_status PASSED [ 44%]
tests/test_health.py::test_health_firebase_success_branch PASSED         [ 46%]
tests/test_health.py::test_health_gemini_success_branch PASSED           [ 48%]
tests/test_health.py::test_health_gemini_error_branch PASSED             [ 50%]
tests/test_oracle.py::test_ask_oracle_success PASSED                     [ 51%]
tests/test_oracle.py::test_stream_oracle_success PASSED                  [ 53%]
tests/test_oracle.py::test_ask_oracle_rate_limit PASSED                  [ 55%]
tests/test_oracle.py::test_oracle_accepts_pydantic_validated_input PASSED [ 57%]
tests/test_oracle.py::test_malformed_request_body_returns_422_with_readable_error PASSED [ 59%]
tests/test_oracle.py::test_oracle_service_timeout_is_handled_gracefully PASSED [ 61%]
tests/test_oracle.py::test_unauthenticated_oracle_request_currently_uses_guest_mode_contract PASSED [ 63%]
tests/test_oracle.py::test_stream_oracle_error_response_is_readable PASSED [ 65%]
tests/test_oracle_router.py::test_oracle_endpoint_success PASSED         [ 67%]
tests/test_oracle_router.py::test_oracle_endpoint_validation_error PASSED [ 69%]
tests/test_oracle_router.py::test_health_endpoint PASSED                 [ 71%]
tests/test_services.py::test_sanitizer_strips_html_pii_and_prompt_injection PASSED [ 73%]
tests/test_services.py::test_gemini_service_uses_mock_response_without_api_key PASSED [ 75%]
tests/test_services.py::test_gemini_service_parses_json_response PASSED  [ 76%]
tests/test_services.py::test_gemini_service_parses_plain_markdown_fence PASSED [ 78%]
tests/test_services.py::test_gemini_service_recovers_from_client_error PASSED [ 80%]
tests/test_services.py::test_firebase_admin_init_verify_and_db PASSED    [ 82%]
tests/test_services.py::test_firebase_admin_gracefully_handles_init_and_verify_errors PASSED [ 84%]
tests/test_simulations.py::test_get_recount_thresholds PASSED            [ 86%]
tests/test_simulations.py::test_get_deadlines PASSED                     [ 88%]
tests/test_simulations.py::test_deadline_endpoint_requires_state_query_param PASSED [ 90%]
tests/test_simulations.py::test_simulator_ingest_returns_typed_event_frame PASSED [ 92%]
tests/test_simulations.py::test_simulator_tally_with_anomaly_returns_confidence_interval PASSED [ 94%]
tests/test_simulations.py::test_simulator_certification_returns_provenance_chain PASSED [ 96%]
tests/test_simulations.py::test_simulator_audit_returns_clean_recommendation_without_anomaly PASSED [ 98%]
tests/test_simulations.py::test_simulator_audit_escalates_when_tally_has_anomaly PASSED [100%]

============================= 52 passed in 2.61s ==============================
